// Jest Snapshot v1, https://goo.gl/fbAQLP

exports[`RadiatorCard should match the snapshot 1`] = `
<DocumentFragment>
  <div
    class="bg-white border-2 p-4 shadow-md"
  >
    <div
      class="relative w-[80px] h-[110px] flex justify-self-center mb-2"
    >
      <img
        alt="Emmeline, 600 mm, 6 sections"
        data-nimg="1"
        decoding="async"
        height="110"
        loading="eager"
        src="/_next/image?url=%2Fimages%2Femmeline-i-465mm_6-sections-preview.jpg&w=256&q=75"
        srcset="/_next/image?url=%2Fimages%2Femmeline-i-465mm_6-sections-preview.jpg&w=96&q=75 1x, /_next/image?url=%2Fimages%2Femmeline-i-465mm_6-sections-preview.jpg&w=256&q=75 2x"
        style="color: transparent;"
        width="80"
      />
    </div>
    <div>
      <p
        class="font-bold"
      >
        Emmeline, 600mm
      </p>
      <p
        class="text-sm"
      >
        Length: 600 mm
      </p>
      <p
        class="text-sm"
      >
        Price from: Â£50
      </p>
    </div>
  </div>
</DocumentFragment>
`;
